// Jest Snapshot v1, https://goo.gl/fbAQLP

exports[`Empty component #render should render component 1`] = `
<RNCSafeAreaProvider
  onInsetsChange={[Function]}
  style={
    Array [
      Object {
        "flex": 1,
      },
      undefined,
    ]
  }
>
  <View
    dataSet={Object {}}
    style={
      Object {
        "flexDirection": "row",
        "justifyContent": "center",
        "marginBottom": 20,
        "marginTop": 20,
      }
    }
  >
    <Text
      dataSet={Object {}}
      style={
        Object {
          "backgroundColor": undefined,
          "color": "#0ea5e9",
          "fontFamily": undefined,
          "fontSize": 16,
          "fontStyle": "normal",
          "fontWeight": "700",
          "letterSpacing": 0,
          "lineHeight": 20,
          "textDecorationLine": undefined,
        }
      }
    >
      There is nothing here...
    </Text>
  </View>
</RNCSafeAreaProvider>
`;
