// Jest Snapshot v1, https://goo.gl/fbAQLP

exports[`Loading component #render should render component 1`] = `
<RNCSafeAreaProvider
  onInsetsChange={[Function]}
  style={
    Array [
      Object {
        "flex": 1,
      },
      undefined,
    ]
  }
>
  <View
    dataSet={Object {}}
    style={
      Object {
        "flexDirection": "row",
        "justifyContent": "center",
        "marginBottom": 8,
        "marginTop": 8,
      }
    }
  >
    <ActivityIndicator
      accessibilityLabel="loading"
      accessible={true}
      animating={true}
      color="#06b6d4"
      hidesWhenStopped={true}
      size="small"
      style={
        Array [
          Array [
            Object {},
            Object {
              "accessibilityLabel": "Loading posts",
              "dataSet": Object {},
            },
          ],
          undefined,
        ]
      }
    />
    <View
      dataSet={Object {}}
      style={
        Object {
          "width": 8,
        }
      }
    />
    <Text
      dataSet={Object {}}
      style={
        Object {
          "backgroundColor": undefined,
          "color": "#06b6d4",
          "fontFamily": undefined,
          "fontSize": 16,
          "fontStyle": "normal",
          "fontWeight": "700",
          "letterSpacing": 0,
          "lineHeight": 20,
          "textDecorationLine": undefined,
        }
      }
    >
      Loading
    </Text>
  </View>
</RNCSafeAreaProvider>
`;
